error: using a potentially dangerous silent `as` conversion
  --> $DIR/as_conversions.rs:16:13
   |
LL |     let i = 0u32 as u64;
   |             ^^^^^^^^^^^
   |
   = note: `-D clippy::as-conversions` implied by `-D warnings`
   = help: consider using a safe wrapper for this conversion

error: using a potentially dangerous silent `as` conversion
  --> $DIR/as_conversions.rs:18:13
   |
LL |     let j = &i as *const u64 as *mut u64;
   |             ^^^^^^^^^^^^^^^^^^^^^^^^^^^^
   |
   = help: consider using a safe wrapper for this conversion

error: using a potentially dangerous silent `as` conversion
  --> $DIR/as_conversions.rs:18:13
   |
LL |     let j = &i as *const u64 as *mut u64;
   |             ^^^^^^^^^^^^^^^^
   |
   = help: consider using a safe wrapper for this conversion

error: using a potentially dangerous silent `as` conversion
  --> $DIR/as_conversions.rs:11:9
   |
LL |         0_u32 as u64
   |         ^^^^^^^^^^^^
...
LL |     let p = mcr2!();
   |             ------- in this macro invocation
   |
   = help: consider using a safe wrapper for this conversion

error: aborting due to 4 previous errors

