error: this function could have a `#[must_use]` attribute
  --> $DIR/must_use_candidates.rs:12:1
   |
LL | pub fn pure(i: u8) -> u8 {
   | ^^^^^^^^^^^^^^^^^^^^^^^^ help: add the attribute: `#[must_use] pub fn pure(i: u8) -> u8`
   |
   = note: `-D clippy::must-use-candidate` implied by `-D warnings`

error: this function could have a `#[must_use]` attribute
  --> $DIR/must_use_candidates.rs:48:1
   |
LL | pub fn with_marker(_d: std::marker::PhantomData<&mut u32>) -> bool {
   | ^^^^^^^^^^^^^^^^^^^^^^^^^^^^^^^^^^^^^^^^^^^^^^^^^^^^^^^^^^^^^^^^^^ help: add the attribute: `#[must_use] pub fn with_marker(_d: std::marker::PhantomData<&mut u32>) -> bool`

error: this function could have a `#[must_use]` attribute
  --> $DIR/must_use_candidates.rs:60:1
   |
LL | pub fn rcd(_x: Rc<u32>) -> bool {
   | ^^^^^^^^^^^^^^^^^^^^^^^^^^^^^^^ help: add the attribute: `#[must_use] pub fn rcd(_x: Rc<u32>) -> bool`

error: this function could have a `#[must_use]` attribute
  --> $DIR/must_use_candidates.rs:68:1
   |
LL | pub fn arcd(_x: Arc<u32>) -> bool {
   | ^^^^^^^^^^^^^^^^^^^^^^^^^^^^^^^^^ help: add the attribute: `#[must_use] pub fn arcd(_x: Arc<u32>) -> bool`

error: aborting due to 4 previous errors

